Ilana Wainer (3194736)

Course   Term Title                           Mark Grade   UOC
-------- ---- -----                          ----- ----- -----
