Christine Farhart (3369208)

Course   Term Title                           Mark Grade   UOC
-------- ---- -----                          ----- ----- -----
