Kirsty Everest (3233283)

Course   Term Title                           Mark Grade   UOC
-------- ---- -----                          ----- ----- -----
