Allison Memari (3306815)
Suggestions for study in 11s1

Course   Title                 UOC Requirement
-------- -----                ---- -----------
