Allison Memari (3306815)
Suggestions for study in 11s2

Course   Title                 UOC Requirement
-------- -----                ---- -----------
