Allison Memari (3306815)
Suggestions for study in 12s1

Course   Title                 UOC Requirement
-------- -----                ---- -----------
