Timothy Cappie-Wood (3363921)
Suggestions for study in 10s2

Course   Title                 UOC Requirement
-------- -----                ---- -----------
